[16:42:27:76] Reading PackData
[16:42:27:77] Found PAMU header
[16:42:27:77] New packfile: mmfs2.dll, Compressed: False
[16:42:27:79] New packfile: mmf2d3d9.dll, Compressed: True
[16:42:27:79] New packfile: mmf2d3d8.dll, Compressed: True
[16:42:27:79] New packfile: kclist.mfx, Compressed: True
[16:42:27:79] New packfile: AdvDir.mfx, Compressed: True
[16:42:27:79] New packfile: StringTokenizer.mfx, Compressed: True
[16:42:27:79] New packfile: Select.mfx, Compressed: True
[16:42:27:79] New packfile: nvar.mfx, Compressed: True
[16:42:27:79] New packfile: KcArray.mfx, Compressed: True
[16:42:27:79] New packfile: kcwctrl.mfx, Compressed: True
[16:42:27:80] New packfile: Steamworks.mfx, Compressed: True
[16:42:27:80] New packfile: steam_api.dll, Compressed: True
[16:42:27:80] New packfile: MMKPathPlanner.mfx, Compressed: True
[16:42:27:80] New packfile: ForEach.mfx, Compressed: True
[16:42:27:80] New packfile: kcfile.mfx, Compressed: True
[16:42:27:80] New packfile: Yaso.mfx, Compressed: True
[16:42:27:80] New packfile: process.mfx, Compressed: True
[16:42:27:80] New packfile: txtblt.mfx, Compressed: True
[16:42:27:80] New packfile: Blowfish.mfx, Compressed: True
[16:42:27:81] New packfile: INI++15.mfx, Compressed: True
[16:42:27:81] New packfile: Layer.mfx, Compressed: True
[16:42:27:81] New packfile: StringReplace.mfx, Compressed: True
[16:42:27:81] New packfile: kcedit.mfx, Compressed: True
[16:42:27:81] New packfile: KcBoxB.mfx, Compressed: True
[16:42:27:81] New packfile: Get.mfx, Compressed: True
[16:42:27:81] New packfile: ultimatefullscreen.mfx, Compressed: True
[16:42:27:81] New packfile: MoveIt.mfx, Compressed: True
[16:42:27:81] New packfile: parser.mfx, Compressed: True
[16:42:27:81] New packfile: OpenURLs.mfx, Compressed: True
[16:42:27:81] New packfile: kcclock.mfx, Compressed: True
[16:42:27:81] New packfile: ctrlx.mfx, Compressed: True
[16:42:27:81] New packfile: kcpica.mfx, Compressed: True
[16:42:27:81] New packfile: kcpict.mfx, Compressed: True
[16:42:27:81] New packfile: KcBoxA.mfx, Compressed: True
[16:42:27:81] New packfile: CalcRect.mfx, Compressed: True
[16:42:27:81] New packfile: kcini.mfx, Compressed: True
[16:42:27:81] New packfile: SimpleActive.mfx, Compressed: True
[16:42:27:81] New packfile: fontembed.mfx, Compressed: True
[16:42:27:81] New packfile: fcFolder.mfx, Compressed: True
[16:42:27:81] New packfile: cctrans.dll, Compressed: True
[16:42:27:82] New packfile: tgaflt.ift, Compressed: True
[16:42:27:82] New packfile: pngflt.ift, Compressed: True
[16:42:27:82] New packfile: jpgflt.ift, Compressed: True
[16:42:27:82] New packfile: gifflt.ift, Compressed: True
[16:42:27:82] New packfile: fliflt.ift, Compressed: True
[16:42:27:82] New packfile: bmpflt.ift, Compressed: True
[16:42:27:82] New packfile: aviflt.ift, Compressed: True
[16:42:27:82] New packfile: pcxflt.ift, Compressed: True
[16:42:27:82] New packfile: waveflt.sft, Compressed: True
[16:42:27:82] New packfile: oggflt.sft, Compressed: True
[16:42:27:82] New packfile: aiffflt.sft, Compressed: True
[16:42:27:82] New packfile: modflt.sft, Compressed: True
[16:42:27:82] New packfile: mp3flt.sft, Compressed: True
[16:42:27:82] Running 7/17/23 build.
[16:42:27:82] Game Header: PAMU
[16:42:27:82] Fusion Build: 286
[16:42:27:82] Reading Chunk 8739 (Header)
[16:42:27:82] Reading Chunk 8785
[16:42:27:82] No Reader for Chunk 8785
[16:42:27:82] Reading Chunk 8740 (Name)
[16:42:27:82] Reading Chunk 8741 (Author)
[16:42:27:82] Reading Chunk 8763 (Copyright)
[16:42:27:82] Reading Chunk 8751 (App Target-Filename)
[16:42:27:82] Reading Chunk 8750 (App Editor-Filename)
[16:42:27:82] Reading Chunk 8762 (About Text)
[16:42:27:82] No Reader for Chunk 8762
[16:42:27:82] Reading Chunk 8757 (Icon 16x16)
[16:42:27:83] Reading Chunk 8773 (Extended Header)
[16:42:27:83] Skipping problematic chunk 8783 with flag Compressed
[16:42:27:83] Skipping chunk 8783 due to null data
[16:42:27:83] Error decompressing block: Bad state (unknown compression method (0xA2))
[16:42:27:83] Error decompressing chunk 8754 with flag CompressedAndEncrypted: Bad state (unknown compression method (0xA2))
[16:42:27:83] Skipping chunk 8754 due to null data
[16:42:27:83] Error decompressing block: Bad state (unknown compression method (0xA2))
[16:42:27:83] Error decompressing chunk 8755 with flag CompressedAndEncrypted: Bad state (unknown compression method (0xA2))
[16:42:27:83] Skipping chunk 8755 due to null data
[16:42:27:83] Reading Chunk 8742 (Menu)
[16:42:27:83] Reading Chunk 8748 (Extension Data)
[16:42:27:83] Found file , 3
[16:42:27:83] Reading Chunk 8756 (Extension List)
[16:42:27:83] Reading Chunk 8753 (Other Extensions)
[16:42:27:83] No Reader for Chunk 8753
[16:42:27:84] Reading Chunk 8771 (Shaders)
[16:42:27:84] Reading Chunk 8745 (Frame Items)
[16:42:27:84] Error decompressing block: Bad state (unknown compression method (0xA2))
[16:42:27:84] Error decompressing chunk 17476 with flag CompressedAndEncrypted: Bad state (unknown compression method (0xA2))
[16:42:27:84] Error reading chunk 8745: Buffer cannot be null. (Parameter 'buffer')
[16:42:27:85] Error decompressing block: Bad state (unknown compression method (0xA2))
[16:42:27:85] Error decompressing chunk 8759 with flag CompressedAndEncrypted: Bad state (unknown compression method (0xA2))
[16:42:27:85] Skipping chunk 8759 due to null data
[16:42:27:85] Error decompressing block: Bad state (unknown compression method (0xA2))
[16:42:27:85] Error decompressing chunk 8747 with flag CompressedAndEncrypted: Bad state (unknown compression method (0xA2))
[16:42:27:85] Skipping chunk 8747 due to null data
[16:42:27:85] Reading Chunk 8768 (Exe Only)
[16:42:27:85] Reading Chunk 8781
[16:42:27:85] No Reader for Chunk 8781
[16:42:27:85] Reading Chunk 13107 (Frame)
[16:42:27:85] Error decompressing block: Bad state (unknown compression method (0xA2))
[16:42:27:85] Error decompressing chunk 13108 with flag CompressedAndEncrypted: Bad state (unknown compression method (0xA2))
[16:42:27:85] Error reading chunk 13107: Buffer cannot be null. (Parameter 'buffer')
[16:42:27:85] Reading Chunk 13107 (Frame)
[16:42:27:86] Error decompressing block: Bad state (unknown compression method (0xA2))
[16:42:27:86] Error decompressing chunk 13108 with flag CompressedAndEncrypted: Bad state (unknown compression method (0xA2))
[16:42:27:86] Error reading chunk 13107: Buffer cannot be null. (Parameter 'buffer')
[16:42:27:86] Reading Chunk 13107 (Frame)
[16:42:27:86] Error decompressing block: Bad state (unknown compression method (0xA2))
[16:42:27:86] Error decompressing chunk 13108 with flag CompressedAndEncrypted: Bad state (unknown compression method (0xA2))
[16:42:27:86] Error reading chunk 13107: Buffer cannot be null. (Parameter 'buffer')
[16:42:27:86] Reading Chunk 13107 (Frame)
[16:42:27:87] Error decompressing block: Bad state (unknown compression method (0xA2))
[16:42:27:87] Error decompressing chunk 13108 with flag CompressedAndEncrypted: Bad state (unknown compression method (0xA2))
[16:42:27:87] Error reading chunk 13107: Buffer cannot be null. (Parameter 'buffer')
[16:42:27:87] Reading Chunk 13107 (Frame)
[16:42:27:87] Error decompressing block: Bad state (unknown compression method (0xA2))
[16:42:27:87] Error decompressing chunk 13108 with flag CompressedAndEncrypted: Bad state (unknown compression method (0xA2))
[16:42:27:87] Error reading chunk 13107: Buffer cannot be null. (Parameter 'buffer')
[16:42:27:87] Reading Chunk 13107 (Frame)
[16:42:27:87] Error decompressing block: Bad state (unknown compression method (0xA2))
[16:42:27:87] Error decompressing chunk 13108 with flag CompressedAndEncrypted: Bad state (unknown compression method (0xA2))
[16:42:27:87] Error reading chunk 13107: Buffer cannot be null. (Parameter 'buffer')
[16:42:27:88] Reading Chunk 13107 (Frame)
[16:42:27:88] Error decompressing block: Bad state (unknown compression method (0xA2))
[16:42:27:88] Error decompressing chunk 13108 with flag CompressedAndEncrypted: Bad state (unknown compression method (0xA2))
[16:42:27:88] Error reading chunk 13107: Buffer cannot be null. (Parameter 'buffer')
[16:42:27:88] Reading Chunk 13107 (Frame)
[16:42:27:88] Error decompressing block: Bad state (unknown compression method (0xA2))
[16:42:27:88] Error decompressing chunk 13108 with flag CompressedAndEncrypted: Bad state (unknown compression method (0xA2))
[16:42:27:88] Error reading chunk 13107: Buffer cannot be null. (Parameter 'buffer')
[16:42:27:88] Reading Chunk 13107 (Frame)
[16:42:27:89] Error decompressing block: Bad state (unknown compression method (0xA2))
[16:42:27:89] Error decompressing chunk 13108 with flag CompressedAndEncrypted: Bad state (unknown compression method (0xA2))
[16:42:27:89] Error reading chunk 13107: Buffer cannot be null. (Parameter 'buffer')
[16:42:27:89] Reading Chunk 13107 (Frame)
[16:42:27:89] Error decompressing block: Bad state (unknown compression method (0xA2))
[16:42:27:89] Error decompressing chunk 13108 with flag CompressedAndEncrypted: Bad state (unknown compression method (0xA2))
[16:42:27:89] Error reading chunk 13107: Buffer cannot be null. (Parameter 'buffer')
[16:42:27:89] Reading Chunk 13107 (Frame)
[16:42:27:89] Error decompressing block: Bad state (unknown compression method (0xA2))
[16:42:27:89] Error decompressing chunk 13108 with flag CompressedAndEncrypted: Bad state (unknown compression method (0xA2))
[16:42:27:90] Error reading chunk 13107: Buffer cannot be null. (Parameter 'buffer')
[16:42:27:90] Reading Chunk 13107 (Frame)
[16:42:27:90] Error decompressing block: Bad state (unknown compression method (0xA2))
[16:42:27:90] Error decompressing chunk 13108 with flag CompressedAndEncrypted: Bad state (unknown compression method (0xA2))
[16:42:27:90] Error reading chunk 13107: Buffer cannot be null. (Parameter 'buffer')
[16:42:27:90] Reading Chunk 8770 (Protection)
[16:42:27:90] No Reader for Chunk 8770
[16:42:27:90] Reading Chunk 26214 (Images)
[16:42:28:00] Reading Chunk 21845 (Image Handles)
[16:42:28:01] No Reader for Chunk 21845
[16:42:28:01] Reading Chunk 26215 (Fonts)
[16:42:28:01] Reading Chunk 21846 (Font Handles)
[16:42:28:01] No Reader for Chunk 21846
[16:42:28:01] Reading Chunk 26216 (Sounds)
[16:42:28:02] Reading Chunk 21847 (Sound Handles)
[16:42:28:02] No Reader for Chunk 21847
[16:42:28:02] Reading Chunk 32639 (Last Chunk)
[16:42:28:03] No Reader for Chunk 32639
